browserType.launch: Target page, context or browser has been closed
Browser logs:

<launching> /workspace/scratch/9c267cc31273/nexo/ESTUDIO_APP_1_0/tmp/chromium --disable-field-trial-config --disable-background-networking --disable-background-timer-throttling --disable-backgrounding-occluded-windows --disable-back-forward-cache --disable-breakpad --disable-client-side-phishing-detection --disable-component-extensions-with-background-pages --disable-component-update --no-default-browser-check --disable-default-apps --disable-dev-shm-usage --disable-edgeupdater --disable-extensions --disable-features=AvoidUnnecessaryBeforeUnloadCheckSync,BoundaryEventDispatchTracksNodeRemoval,DestroyProfileOnBrowserClose,DialMediaRouteProvider,GlobalMediaControls,HttpsUpgrades,LensOverlay,MediaRouter,PaintHolding,ThirdPartyStoragePartitioning,BlockOriginHeaderModificationOnRedirect,Translate,AutoDeElevate,OptimizationHints,msForceBrowserSignIn,msEdgeUpdateLaunchServicesPreferredVersion --enable-features=CDPScreenshotNewSurface --allow-pre-commit-input --disable-hang-monitor --disable-ipc-flooding-protection --disable-popup-blocking --disable-prompt-on-repost --disable-renderer-backgrounding --disable-updater-scheduler --force-color-profile=srgb --metrics-recording-only --no-first-run --password-store=basic --use-mock-keychain --no-service-autorun --export-tagged-pdf --disable-search-engine-choice-screen --unsafely-disable-devtools-self-xss-warnings --edge-skip-compat-layer-relaunch --disable-infobars --disable-search-engine-choice-screen --disable-sync --enable-unsafe-swiftshader --headless --hide-scrollbars --mute-audio --blink-settings=primaryHoverType=2,availableHoverTypes=2,primaryPointerType=4,availablePointerTypes=4 --no-sandbox --no-sandbox --user-data-dir=/workspace/scratch/9c267cc31273/nexo/ESTUDIO_APP_1_0/tmp/playwright_chromiumdev_profile-nQLNqx --remote-debugging-pipe --no-startup-window
<launched> pid=31
Call log:
[2m  - <launching> /workspace/scratch/9c267cc31273/nexo/ESTUDIO_APP_1_0/tmp/chromium --disable-field-trial-config --disable-background-networking --disable-background-timer-throttling --disable-backgrounding-occluded-windows --disable-back-forward-cache --disable-breakpad --disable-client-side-phishing-detection --disable-component-extensions-with-background-pages --disable-component-update --no-default-browser-check --disable-default-apps --disable-dev-shm-usage --disable-edgeupdater --disable-extensions --disable-features=AvoidUnnecessaryBeforeUnloadCheckSync,BoundaryEventDispatchTracksNodeRemoval,DestroyProfileOnBrowserClose,DialMediaRouteProvider,GlobalMediaControls,HttpsUpgrades,LensOverlay,MediaRouter,PaintHolding,ThirdPartyStoragePartitioning,BlockOriginHeaderModificationOnRedirect,Translate,AutoDeElevate,OptimizationHints,msForceBrowserSignIn,msEdgeUpdateLaunchServicesPreferredVersion --enable-features=CDPScreenshotNewSurface --allow-pre-commit-input --disable-hang-monitor --disable-ipc-flooding-protection --disable-popup-blocking --disable-prompt-on-repost --disable-renderer-backgrounding --disable-updater-scheduler --force-color-profile=srgb --metrics-recording-only --no-first-run --password-store=basic --use-mock-keychain --no-service-autorun --export-tagged-pdf --disable-search-engine-choice-screen --unsafely-disable-devtools-self-xss-warnings --edge-skip-compat-layer-relaunch --disable-infobars --disable-search-engine-choice-screen --disable-sync --enable-unsafe-swiftshader --headless --hide-scrollbars --mute-audio --blink-settings=primaryHoverType=2,availableHoverTypes=2,primaryPointerType=4,availablePointerTypes=4 --no-sandbox --no-sandbox --user-data-dir=/workspace/scratch/9c267cc31273/nexo/ESTUDIO_APP_1_0/tmp/playwright_chromiumdev_profile-nQLNqx --remote-debugging-pipe --no-startup-window[22m
[2m  - <launched> pid=31[22m
[2m  - [pid=31] <gracefully close start>[22m
[2m  - [pid=31] <kill>[22m
[2m  - [pid=31] <will force kill>[22m
[2m  - [pid=31] exception while trying to kill process: Error: kill ESRCH[22m
[2m  - [pid=31] <process did exit: exitCode=null, signal=SIGTRAP>[22m
[2m  - [pid=31] starting temporary directories cleanup[22m
[2m  - [pid=31] finished temporary directories cleanup[22m
[2m  - [pid=31] <gracefully close end>[22m

    at /workspace/scratch/9c267cc31273/nexo/ESTUDIO_APP_1_0/tools/web-vitals-test.cjs:25:32 {
  log: [
    '  - <launching> /workspace/scratch/9c267cc31273/nexo/ESTUDIO_APP_1_0/tmp/chromium --disable-field-trial-config --disable-background-networking --disable-background-timer-throttling --disable-backgrounding-occluded-windows --disable-back-forward-cache --disable-breakpad --disable-client-side-phishing-detection --disable-component-extensions-with-background-pages --disable-component-update --no-default-browser-check --disable-default-apps --disable-dev-shm-usage --disable-edgeupdater --disable-extensions --disable-features=AvoidUnnecessaryBeforeUnloadCheckSync,BoundaryEventDispatchTracksNodeRemoval,DestroyProfileOnBrowserClose,DialMediaRouteProvider,GlobalMediaControls,HttpsUpgrades,LensOverlay,MediaRouter,PaintHolding,ThirdPartyStoragePartitioning,BlockOriginHeaderModificationOnRedirect,Translate,AutoDeElevate,OptimizationHints,msForceBrowserSignIn,msEdgeUpdateLaunchServicesPreferredVersion --enable-features=CDPScreenshotNewSurface --allow-pre-commit-input --disable-hang-monitor --disable-ipc-flooding-protection --disable-popup-blocking --disable-prompt-on-repost --disable-renderer-backgrounding --disable-updater-scheduler --force-color-profile=srgb --metrics-recording-only --no-first-run --password-store=basic --use-mock-keychain --no-service-autorun --export-tagged-pdf --disable-search-engine-choice-screen --unsafely-disable-devtools-self-xss-warnings --edge-skip-compat-layer-relaunch --disable-infobars --disable-search-engine-choice-screen --disable-sync --enable-unsafe-swiftshader --headless --hide-scrollbars --mute-audio --blink-settings=primaryHoverType=2,availableHoverTypes=2,primaryPointerType=4,availablePointerTypes=4 --no-sandbox --no-sandbox --user-data-dir=/workspace/scratch/9c267cc31273/nexo/ESTUDIO_APP_1_0/tmp/playwright_chromiumdev_profile-nQLNqx --remote-debugging-pipe --no-startup-window',
    '  - <launched> pid=31',
    '  - [pid=31] <gracefully close start>',
    '  - [pid=31] <kill>',
    '  - [pid=31] <will force kill>',
    '  - [pid=31] exception while trying to kill process: Error: kill ESRCH',
    '  - [pid=31] <process did exit: exitCode=null, signal=SIGTRAP>',
    '  - [pid=31] starting temporary directories cleanup',
    '  - [pid=31] finished temporary directories cleanup',
    '  - [pid=31] <gracefully close end>'
  ]
}
